---
source: crates/app-portfolio/tests/snapshot.rs
expression: s
---
┌ projects ────────────────────┐┌ detail ──────────────────────────────────────┐
│ Deck · beta                  ││Notes                                         │
│ Notes · live                 ││                                              │
│ TypeWars · live              ││Personal workshop notes with comments and     │
│                              ││moderation.                                   │
│                              ││                                              │
│                              ││slug:   notes                                 │
│                              ││status: live                                  │
│                              ││                                              │
│                              ││                                              │
│                              ││                                              │
│                              ││                                              │
│                              ││                                              │
│                              ││                                              │
│                              ││                                              │
│                              ││                                              │
│                              ││                                              │
│                              ││                                              │
│                              ││                                              │
└──────────────────────────────┘└──────────────────────────────────────────────┘
