---
source: crates/app-portfolio/tests/snapshot.rs
expression: s
---
┌ projects ────────────────────┐┌ detail ──────────────────────────────────────┐
│                              ││                                              │
│                              ││no projects yet — connecting to               │
│                              ││stdb.sastaspace.com…                          │
│                              ││                                              │
│                              ││                                              │
│                              ││                                              │
│                              ││                                              │
│                              ││                                              │
│                              ││                                              │
│                              ││                                              │
│                              ││                                              │
│                              ││                                              │
│                              ││                                              │
│                              ││                                              │
│                              ││                                              │
│                              ││                                              │
│                              ││                                              │
│                              ││                                              │
└──────────────────────────────┘└──────────────────────────────────────────────┘
